../Core/Src/stm32f1xx_it.c:73:6:NMI_Handler	0	static
../Core/Src/stm32f1xx_it.c:88:6:HardFault_Handler	0	static
../Core/Src/stm32f1xx_it.c:103:6:MemManage_Handler	0	static
../Core/Src/stm32f1xx_it.c:118:6:BusFault_Handler	0	static
../Core/Src/stm32f1xx_it.c:133:6:UsageFault_Handler	0	static
../Core/Src/stm32f1xx_it.c:148:6:DebugMon_Handler	0	static
../Core/Src/stm32f1xx_it.c:161:6:SysTick_Handler	8	static
../Core/Src/stm32f1xx_it.c:190:6:RCC_IRQHandler	0	static
../Core/Src/stm32f1xx_it.c:203:6:DMA1_Channel1_IRQHandler	0	static
../Core/Src/stm32f1xx_it.c:217:6:TIM2_IRQHandler	0	static
../Core/Src/stm32f1xx_it.c:231:6:USART2_IRQHandler	0	static
