../Core/Src/main.c:102:5:main	8	static
../Core/Src/main.c:193:6:SystemClock_Config	88	static
../Core/Src/main.c:240:13:MX_ADC1_Init	24	static
../Core/Src/main.c:294:13:MX_TIM2_Init	32	static
../Core/Src/main.c:339:13:MX_USART2_UART_Init	8	static
../Core/Src/main.c:370:13:MX_DMA_Init	16	static
../Core/Src/main.c:388:13:MX_GPIO_Init	40	static
../Core/Src/main.c:435:6:StartDefaultTask	24	static
../Core/Src/main.c:461:6:StartModbusTask	32	static
../Core/Src/main.c:505:6:StartTask03	24	static
../Core/Src/main.c:535:6:Error_Handler	4	static,ignoring_inline_asm
