../Core/Src/main.c:97:5:main	8	static
../Core/Src/main.c:185:6:SystemClock_Config	88	static
../Core/Src/main.c:232:13:MX_ADC1_Init	24	static
../Core/Src/main.c:289:13:MX_TIM2_Init	32	static
../Core/Src/main.c:334:13:MX_USART2_UART_Init	8	static
../Core/Src/main.c:365:13:MX_DMA_Init	16	static
../Core/Src/main.c:383:13:MX_GPIO_Init	40	static
../Core/Src/main.c:427:6:StartDefaultTask	16	static
../Core/Src/main.c:449:6:StartModbusTask	16	static
../Core/Src/main.c:478:6:Error_Handler	4	static,ignoring_inline_asm
